MPLINK 5.09, LINKER
Linker Map File - Created Thu Jun 05 00:02:56 2025

                                 Section Info
                  Section       Type    Address   Location Size(Bytes)
                ---------  ---------  ---------  ---------  ---------
                   .org_0       code   0x000000    program   0x000002
                   .cinit    romdata   0x000001    program   0x000004
                   .org_1       code   0x000004    program   0x000002
                   .org_2       code   0x000005    program   0x000052
.config_2007_BUILD/DEFAULT/DEBUG/MAIN.O       code   0x002007    program   0x000002



                              Program Memory Usage 
                               Start         End      
                           ---------   ---------      
                            0x000000    0x000002      
                            0x000004    0x00002d      
                            0x002007    0x002007      
            46 out of 8455 program addresses used, program memory utilization is 0%



                              Symbols - Sorted by Name
                     Name    Address   Location    Storage File                     
                ---------  ---------  ---------  --------- ---------                
                  FIN_INT   0x000029    program     static C:\Users\Usuario\Desktop\mplabtest\Timer02.X\main.asm
                   INICIO   0x000005    program     static C:\Users\Usuario\Desktop\mplabtest\Timer02.X\main.asm
                 INT_TMR0   0x00001d    program     static C:\Users\Usuario\Desktop\mplabtest\Timer02.X\main.asm
                      ISR   0x000017    program     static C:\Users\Usuario\Desktop\mplabtest\Timer02.X\main.asm
                       L1   0x000028    program     static C:\Users\Usuario\Desktop\mplabtest\Timer02.X\main.asm
             _.org_2_0016   0x000016    program     static C:\Users\Usuario\Desktop\mplabtest\Timer02.X\main.asm



                              Symbols - Sorted by Address
                     Name    Address   Location    Storage File                     
                ---------  ---------  ---------  --------- ---------                
                   INICIO   0x000005    program     static C:\Users\Usuario\Desktop\mplabtest\Timer02.X\main.asm
             _.org_2_0016   0x000016    program     static C:\Users\Usuario\Desktop\mplabtest\Timer02.X\main.asm
                      ISR   0x000017    program     static C:\Users\Usuario\Desktop\mplabtest\Timer02.X\main.asm
                 INT_TMR0   0x00001d    program     static C:\Users\Usuario\Desktop\mplabtest\Timer02.X\main.asm
                       L1   0x000028    program     static C:\Users\Usuario\Desktop\mplabtest\Timer02.X\main.asm
                  FIN_INT   0x000029    program     static C:\Users\Usuario\Desktop\mplabtest\Timer02.X\main.asm


