MPLINK 5.09, LINKER
Linker Map File - Created Sun Jun 15 15:46:51 2025

                                 Section Info
                  Section       Type    Address   Location Size(Bytes)
                ---------  ---------  ---------  ---------  ---------
                   .org_0       code   0x000000    program   0x00006a
                   .cinit    romdata   0x000035    program   0x000004
.config_2007_BUILD/DEFAULT/PRODUCTION/MAIN.O       code   0x002007    program   0x000002
.config_2008_BUILD/DEFAULT/PRODUCTION/MAIN.O       code   0x002008    program   0x000002



                              Program Memory Usage 
                               Start         End      
                           ---------   ---------      
                            0x000000    0x000036      
                            0x002007    0x002008      
            57 out of 8455 program addresses used, program memory utilization is 0%



                              Symbols - Sorted by Name
                     Name    Address   Location    Storage File                     
                ---------  ---------  ---------  --------- ---------                
                    DELAY   0x000001    program     static C:\Users\Usuario\Desktop\mplabtest\rfid.X\main.asm
                      DL1   0x000003    program     static C:\Users\Usuario\Desktop\mplabtest\rfid.X\main.asm
                     MAIN   0x000024    program     static C:\Users\Usuario\Desktop\mplabtest\rfid.X\main.asm
                MAIN_LOOP   0x00002d    program     static C:\Users\Usuario\Desktop\mplabtest\rfid.X\main.asm
                  RD_LOOP   0x00001a    program     static C:\Users\Usuario\Desktop\mplabtest\rfid.X\main.asm
                 SND_LOOP   0x00000b    program     static C:\Users\Usuario\Desktop\mplabtest\rfid.X\main.asm
                 SPI_READ   0x000017    program     static C:\Users\Usuario\Desktop\mplabtest\rfid.X\main.asm
                 SPI_SEND   0x000008    program     static C:\Users\Usuario\Desktop\mplabtest\rfid.X\main.asm



                              Symbols - Sorted by Address
                     Name    Address   Location    Storage File                     
                ---------  ---------  ---------  --------- ---------                
                    DELAY   0x000001    program     static C:\Users\Usuario\Desktop\mplabtest\rfid.X\main.asm
                      DL1   0x000003    program     static C:\Users\Usuario\Desktop\mplabtest\rfid.X\main.asm
                 SPI_SEND   0x000008    program     static C:\Users\Usuario\Desktop\mplabtest\rfid.X\main.asm
                 SND_LOOP   0x00000b    program     static C:\Users\Usuario\Desktop\mplabtest\rfid.X\main.asm
                 SPI_READ   0x000017    program     static C:\Users\Usuario\Desktop\mplabtest\rfid.X\main.asm
                  RD_LOOP   0x00001a    program     static C:\Users\Usuario\Desktop\mplabtest\rfid.X\main.asm
                     MAIN   0x000024    program     static C:\Users\Usuario\Desktop\mplabtest\rfid.X\main.asm
                MAIN_LOOP   0x00002d    program     static C:\Users\Usuario\Desktop\mplabtest\rfid.X\main.asm


