MPLINK 5.09, LINKER
Linker Map File - Created Thu Jun 12 18:03:28 2025

                                 Section Info
                  Section       Type    Address   Location Size(Bytes)
                ---------  ---------  ---------  ---------  ---------
                   .org_0       code   0x000000    program   0x000002
                   .cinit    romdata   0x000001    program   0x000004
                   .org_1       code   0x000005    program   0x00004c
.config_2007_BUILD/DEFAULT/PRODUCTION/MAIN.O       code   0x002007    program   0x000002
.config_2008_BUILD/DEFAULT/PRODUCTION/MAIN.O       code   0x002008    program   0x000002



                              Program Memory Usage 
                               Start         End      
                           ---------   ---------      
                            0x000000    0x000002      
                            0x000005    0x00002a      
                            0x002007    0x002008      
            43 out of 8455 program addresses used, program memory utilization is 0%



                              Symbols - Sorted by Name
                     Name    Address   Location    Storage File                     
                ---------  ---------  ---------  --------- ---------                
                   INICIO   0x000005    program     static C:\Users\Usuario\Desktop\mplabtest\multiplexado.X\main.asm
                     LOOP   0x000014    program     static C:\Users\Usuario\Desktop\mplabtest\multiplexado.X\main.asm
                     RET1   0x00001f    program     static C:\Users\Usuario\Desktop\mplabtest\multiplexado.X\main.asm
                     RET2   0x000021    program     static C:\Users\Usuario\Desktop\mplabtest\multiplexado.X\main.asm
                  RETARDO   0x00001d    program     static C:\Users\Usuario\Desktop\mplabtest\multiplexado.X\main.asm



                              Symbols - Sorted by Address
                     Name    Address   Location    Storage File                     
                ---------  ---------  ---------  --------- ---------                
                   INICIO   0x000005    program     static C:\Users\Usuario\Desktop\mplabtest\multiplexado.X\main.asm
                     LOOP   0x000014    program     static C:\Users\Usuario\Desktop\mplabtest\multiplexado.X\main.asm
                  RETARDO   0x00001d    program     static C:\Users\Usuario\Desktop\mplabtest\multiplexado.X\main.asm
                     RET1   0x00001f    program     static C:\Users\Usuario\Desktop\mplabtest\multiplexado.X\main.asm
                     RET2   0x000021    program     static C:\Users\Usuario\Desktop\mplabtest\multiplexado.X\main.asm


