MPLINK 5.09, LINKER
Linker Map File - Created Mon Jun 02 11:44:22 2025

                                 Section Info
                  Section       Type    Address   Location Size(Bytes)
                ---------  ---------  ---------  ---------  ---------
                   .org_0       code   0x000000    program   0x000002
                   .cinit    romdata   0x000001    program   0x000004
                   .org_1       code   0x000004    program   0x000002
                   .org_2       code   0x000005    program   0x000040
.config_2007_BUILD/DEFAULT/DEBUG/MAIN.O       code   0x002007    program   0x000002



                              Program Memory Usage 
                               Start         End      
                           ---------   ---------      
                            0x000000    0x000002      
                            0x000004    0x000024      
                            0x002007    0x002007      
            37 out of 8455 program addresses used, program memory utilization is 0%



                              Symbols - Sorted by Name
                     Name    Address   Location    Storage File                     
                ---------  ---------  ---------  --------- ---------                
                   INICIO   0x000005    program     static C:\Users\Usuario\Desktop\mplabtest\Timer0.X\main.asm
                 INT_TMR0   0x000021    program     static C:\Users\Usuario\Desktop\mplabtest\Timer0.X\main.asm
                      ISR   0x000017    program     static C:\Users\Usuario\Desktop\mplabtest\Timer0.X\main.asm
                     LOOP   0x000011    program     static C:\Users\Usuario\Desktop\mplabtest\Timer0.X\main.asm



                              Symbols - Sorted by Address
                     Name    Address   Location    Storage File                     
                ---------  ---------  ---------  --------- ---------                
                   INICIO   0x000005    program     static C:\Users\Usuario\Desktop\mplabtest\Timer0.X\main.asm
                     LOOP   0x000011    program     static C:\Users\Usuario\Desktop\mplabtest\Timer0.X\main.asm
                      ISR   0x000017    program     static C:\Users\Usuario\Desktop\mplabtest\Timer0.X\main.asm
                 INT_TMR0   0x000021    program     static C:\Users\Usuario\Desktop\mplabtest\Timer0.X\main.asm


