MPLINK 5.09, LINKER
Linker Map File - Created Thu Jun 12 21:46:57 2025

                                 Section Info
                  Section       Type    Address   Location Size(Bytes)
                ---------  ---------  ---------  ---------  ---------
                   .org_0       code   0x000000    program   0x000002
                   .cinit    romdata   0x000001    program   0x000004
                   .org_1       code   0x000004    program   0x000002
                   .org_2       code   0x000005    program   0x000110
.config_2007_BUILD/DEFAULT/DEBUG/MAIN.O       code   0x002007    program   0x000002
.config_2008_BUILD/DEFAULT/DEBUG/MAIN.O       code   0x002008    program   0x000002



                              Program Memory Usage 
                               Start         End      
                           ---------   ---------      
                            0x000000    0x000002      
                            0x000004    0x00008c      
                            0x002007    0x002008      
            142 out of 8455 program addresses used, program memory utilization is 1%



                              Symbols - Sorted by Name
                     Name    Address   Location    Storage File                     
                ---------  ---------  ---------  --------- ---------                
                   INICIO   0x000005    program     static C:\Users\Usuario\Desktop\mplabtest\teclado.X\main.asm
              INT_TECLADO   0x00004b    program     static C:\Users\Usuario\Desktop\mplabtest\teclado.X\main.asm
                 INT_TMR0   0x00005c    program     static C:\Users\Usuario\Desktop\mplabtest\teclado.X\main.asm
                      ISR   0x00003f    program     static C:\Users\Usuario\Desktop\mplabtest\teclado.X\main.asm
                     LOOP   0x00002e    program     static C:\Users\Usuario\Desktop\mplabtest\teclado.X\main.asm
                     SCAN   0x00006d    program     static C:\Users\Usuario\Desktop\mplabtest\teclado.X\main.asm
                SCAN_NEXT   0x000072    program     static C:\Users\Usuario\Desktop\mplabtest\teclado.X\main.asm
                   SR_KEY   0x000089    program     static C:\Users\Usuario\Desktop\mplabtest\teclado.X\main.asm
                    TABLA   0x000032    program     static C:\Users\Usuario\Desktop\mplabtest\teclado.X\main.asm



                              Symbols - Sorted by Address
                     Name    Address   Location    Storage File                     
                ---------  ---------  ---------  --------- ---------                
                   INICIO   0x000005    program     static C:\Users\Usuario\Desktop\mplabtest\teclado.X\main.asm
                     LOOP   0x00002e    program     static C:\Users\Usuario\Desktop\mplabtest\teclado.X\main.asm
                    TABLA   0x000032    program     static C:\Users\Usuario\Desktop\mplabtest\teclado.X\main.asm
                      ISR   0x00003f    program     static C:\Users\Usuario\Desktop\mplabtest\teclado.X\main.asm
              INT_TECLADO   0x00004b    program     static C:\Users\Usuario\Desktop\mplabtest\teclado.X\main.asm
                 INT_TMR0   0x00005c    program     static C:\Users\Usuario\Desktop\mplabtest\teclado.X\main.asm
                     SCAN   0x00006d    program     static C:\Users\Usuario\Desktop\mplabtest\teclado.X\main.asm
                SCAN_NEXT   0x000072    program     static C:\Users\Usuario\Desktop\mplabtest\teclado.X\main.asm
                   SR_KEY   0x000089    program     static C:\Users\Usuario\Desktop\mplabtest\teclado.X\main.asm


