MPLINK 5.09, LINKER
Linker Map File - Created Thu Jun 05 02:04:41 2025

                                 Section Info
                  Section       Type    Address   Location Size(Bytes)
                ---------  ---------  ---------  ---------  ---------
                   .org_0       code   0x000000    program   0x000002
                   .cinit    romdata   0x000001    program   0x000004
                   .org_1       code   0x000004    program   0x000002
                   .org_2       code   0x000005    program   0x0000ce
.config_2007_BUILD/DEFAULT/PRODUCTION/MAIN.O       code   0x002007    program   0x000002
.config_2008_BUILD/DEFAULT/PRODUCTION/MAIN.O       code   0x002008    program   0x000002



                              Program Memory Usage 
                               Start         End      
                           ---------   ---------      
                            0x000000    0x000002      
                            0x000004    0x00006b      
                            0x002007    0x002008      
            109 out of 8455 program addresses used, program memory utilization is 1%



                              Symbols - Sorted by Name
                     Name    Address   Location    Storage File                     
                ---------  ---------  ---------  --------- ---------                
               BUSCATECLA   0x000065    program     static C:\Users\Usuario\Desktop\mplabtest\probando2.X\main.asm
         DONE_TECLADO_INT   0x00006a    program     static C:\Users\Usuario\Desktop\mplabtest\probando2.X\main.asm
                   ESPERA   0x000048    program     static C:\Users\Usuario\Desktop\mplabtest\probando2.X\main.asm
                   INICIO   0x000005    program     static C:\Users\Usuario\Desktop\mplabtest\probando2.X\main.asm
              INT_TECLADO   0x00004c    program     static C:\Users\Usuario\Desktop\mplabtest\probando2.X\main.asm
                 INT_TMR0   0x000041    program     static C:\Users\Usuario\Desktop\mplabtest\probando2.X\main.asm
                      ISR   0x000035    program     static C:\Users\Usuario\Desktop\mplabtest\probando2.X\main.asm
                     LOOP   0x000024    program     static C:\Users\Usuario\Desktop\mplabtest\probando2.X\main.asm
                OTRATECLA   0x000050    program     static C:\Users\Usuario\Desktop\mplabtest\probando2.X\main.asm
              RETARDO10MS   0x000044    program     static C:\Users\Usuario\Desktop\mplabtest\probando2.X\main.asm
                    TABLA   0x000028    program     static C:\Users\Usuario\Desktop\mplabtest\probando2.X\main.asm



                              Symbols - Sorted by Address
                     Name    Address   Location    Storage File                     
                ---------  ---------  ---------  --------- ---------                
                   INICIO   0x000005    program     static C:\Users\Usuario\Desktop\mplabtest\probando2.X\main.asm
                     LOOP   0x000024    program     static C:\Users\Usuario\Desktop\mplabtest\probando2.X\main.asm
                    TABLA   0x000028    program     static C:\Users\Usuario\Desktop\mplabtest\probando2.X\main.asm
                      ISR   0x000035    program     static C:\Users\Usuario\Desktop\mplabtest\probando2.X\main.asm
                 INT_TMR0   0x000041    program     static C:\Users\Usuario\Desktop\mplabtest\probando2.X\main.asm
              RETARDO10MS   0x000044    program     static C:\Users\Usuario\Desktop\mplabtest\probando2.X\main.asm
                   ESPERA   0x000048    program     static C:\Users\Usuario\Desktop\mplabtest\probando2.X\main.asm
              INT_TECLADO   0x00004c    program     static C:\Users\Usuario\Desktop\mplabtest\probando2.X\main.asm
                OTRATECLA   0x000050    program     static C:\Users\Usuario\Desktop\mplabtest\probando2.X\main.asm
               BUSCATECLA   0x000065    program     static C:\Users\Usuario\Desktop\mplabtest\probando2.X\main.asm
         DONE_TECLADO_INT   0x00006a    program     static C:\Users\Usuario\Desktop\mplabtest\probando2.X\main.asm


