MPLINK 5.09, LINKER
Linker Map File - Created Fri Jun 06 21:10:40 2025

                                 Section Info
                  Section       Type    Address   Location Size(Bytes)
                ---------  ---------  ---------  ---------  ---------
                   .org_0       code   0x000000    program   0x000002
                   .cinit    romdata   0x000001    program   0x000004
                   .org_1       code   0x000004    program   0x000002
                   .org_2       code   0x000005    program   0x0000c0
.config_2007_BUILD/DEFAULT/DEBUG/MAIN.O       code   0x002007    program   0x000002
.config_2008_BUILD/DEFAULT/DEBUG/MAIN.O       code   0x002008    program   0x000002



                              Program Memory Usage 
                               Start         End      
                           ---------   ---------      
                            0x000000    0x000002      
                            0x000004    0x000064      
                            0x002007    0x002008      
            102 out of 8455 program addresses used, program memory utilization is 1%



                              Symbols - Sorted by Name
                     Name    Address   Location    Storage File                     
                ---------  ---------  ---------  --------- ---------                
               BUSCATECLA   0x00003c    program     static C:\Users\Usuario\Desktop\mplabtest\tecladoPolling.X\main.asm
                   ESPERA   0x000060    program     static C:\Users\Usuario\Desktop\mplabtest\tecladoPolling.X\main.asm
                   INICIO   0x000005    program     static C:\Users\Usuario\Desktop\mplabtest\tecladoPolling.X\main.asm
                 INT_TMR0   0x00005a    program     static C:\Users\Usuario\Desktop\mplabtest\tecladoPolling.X\main.asm
                      ISR   0x000050    program     static C:\Users\Usuario\Desktop\mplabtest\tecladoPolling.X\main.asm
                OTRATECLA   0x000025    program     static C:\Users\Usuario\Desktop\mplabtest\tecladoPolling.X\main.asm
              RETARDO10MS   0x00005c    program     static C:\Users\Usuario\Desktop\mplabtest\tecladoPolling.X\main.asm
                     SCAN   0x000022    program     static C:\Users\Usuario\Desktop\mplabtest\tecladoPolling.X\main.asm
                    TABLA   0x000043    program     static C:\Users\Usuario\Desktop\mplabtest\tecladoPolling.X\main.asm



                              Symbols - Sorted by Address
                     Name    Address   Location    Storage File                     
                ---------  ---------  ---------  --------- ---------                
                   INICIO   0x000005    program     static C:\Users\Usuario\Desktop\mplabtest\tecladoPolling.X\main.asm
                     SCAN   0x000022    program     static C:\Users\Usuario\Desktop\mplabtest\tecladoPolling.X\main.asm
                OTRATECLA   0x000025    program     static C:\Users\Usuario\Desktop\mplabtest\tecladoPolling.X\main.asm
               BUSCATECLA   0x00003c    program     static C:\Users\Usuario\Desktop\mplabtest\tecladoPolling.X\main.asm
                    TABLA   0x000043    program     static C:\Users\Usuario\Desktop\mplabtest\tecladoPolling.X\main.asm
                      ISR   0x000050    program     static C:\Users\Usuario\Desktop\mplabtest\tecladoPolling.X\main.asm
                 INT_TMR0   0x00005a    program     static C:\Users\Usuario\Desktop\mplabtest\tecladoPolling.X\main.asm
              RETARDO10MS   0x00005c    program     static C:\Users\Usuario\Desktop\mplabtest\tecladoPolling.X\main.asm
                   ESPERA   0x000060    program     static C:\Users\Usuario\Desktop\mplabtest\tecladoPolling.X\main.asm


