MPLINK 5.09, LINKER
Linker Map File - Created Mon Jun 16 12:14:33 2025

                                 Section Info
                  Section       Type    Address   Location Size(Bytes)
                ---------  ---------  ---------  ---------  ---------
                   .org_0       code   0x000000    program   0x000002
                   .cinit    romdata   0x000001    program   0x000004
                   .org_1       code   0x000005    program   0x000086
.config_2007_BUILD/DEFAULT/DEBUG/MAIN.O       code   0x002007    program   0x000002
.config_2008_BUILD/DEFAULT/DEBUG/MAIN.O       code   0x002008    program   0x000002



                              Program Memory Usage 
                               Start         End      
                           ---------   ---------      
                            0x000000    0x000002      
                            0x000005    0x000047      
                            0x002007    0x002008      
            72 out of 8455 program addresses used, program memory utilization is 0%



                              Symbols - Sorted by Name
                     Name    Address   Location    Storage File                     
                ---------  ---------  ---------  --------- ---------                
       DISPLAY_7SEGMENTOS   0x00003d    program     static C:\Users\Usuario\Desktop\mplabtest\multiplexado.X\main.asm
                   INICIO   0x000005    program     static C:\Users\Usuario\Desktop\mplabtest\multiplexado.X\main.asm
               INNER_LOOP   0x000032    program     static C:\Users\Usuario\Desktop\mplabtest\multiplexado.X\main.asm
                 OTRO_DIG   0x000020    program     static C:\Users\Usuario\Desktop\mplabtest\multiplexado.X\main.asm
               OUTER_LOOP   0x000030    program     static C:\Users\Usuario\Desktop\mplabtest\multiplexado.X\main.asm
             RETARDO_10MS   0x00002e    program     static C:\Users\Usuario\Desktop\mplabtest\multiplexado.X\main.asm
                TODOS_DIG   0x00001a    program     static C:\Users\Usuario\Desktop\mplabtest\multiplexado.X\main.asm



                              Symbols - Sorted by Address
                     Name    Address   Location    Storage File                     
                ---------  ---------  ---------  --------- ---------                
                   INICIO   0x000005    program     static C:\Users\Usuario\Desktop\mplabtest\multiplexado.X\main.asm
                TODOS_DIG   0x00001a    program     static C:\Users\Usuario\Desktop\mplabtest\multiplexado.X\main.asm
                 OTRO_DIG   0x000020    program     static C:\Users\Usuario\Desktop\mplabtest\multiplexado.X\main.asm
             RETARDO_10MS   0x00002e    program     static C:\Users\Usuario\Desktop\mplabtest\multiplexado.X\main.asm
               OUTER_LOOP   0x000030    program     static C:\Users\Usuario\Desktop\mplabtest\multiplexado.X\main.asm
               INNER_LOOP   0x000032    program     static C:\Users\Usuario\Desktop\mplabtest\multiplexado.X\main.asm
       DISPLAY_7SEGMENTOS   0x00003d    program     static C:\Users\Usuario\Desktop\mplabtest\multiplexado.X\main.asm


