MPLINK 5.09, LINKER
Linker Map File - Created Sat Jun 14 13:30:53 2025

                                 Section Info
                  Section       Type    Address   Location Size(Bytes)
                ---------  ---------  ---------  ---------  ---------
                   .org_0       code   0x000000    program   0x000002
                   .cinit    romdata   0x000001    program   0x000004
                   .org_1       code   0x000005    program   0x000030
.config_2007_BUILD/DEFAULT/PRODUCTION/MAIN.O       code   0x002007    program   0x000002
.config_2008_BUILD/DEFAULT/PRODUCTION/MAIN.O       code   0x002008    program   0x000002



                              Program Memory Usage 
                               Start         End      
                           ---------   ---------      
                            0x000000    0x000002      
                            0x000005    0x00001c      
                            0x002007    0x002008      
            29 out of 8455 program addresses used, program memory utilization is 0%



                              Symbols - Sorted by Name
                     Name    Address   Location    Storage File                     
                ---------  ---------  ---------  --------- ---------                
                   INICIO   0x000005    program     static C:\Users\Usuario\Desktop\mplabtest\comunicacionSerial.X\main.asm
                       L1   0x000017    program     static C:\Users\Usuario\Desktop\mplabtest\comunicacionSerial.X\main.asm
                     MAIN   0x000013    program     static C:\Users\Usuario\Desktop\mplabtest\comunicacionSerial.X\main.asm



                              Symbols - Sorted by Address
                     Name    Address   Location    Storage File                     
                ---------  ---------  ---------  --------- ---------                
                   INICIO   0x000005    program     static C:\Users\Usuario\Desktop\mplabtest\comunicacionSerial.X\main.asm
                     MAIN   0x000013    program     static C:\Users\Usuario\Desktop\mplabtest\comunicacionSerial.X\main.asm
                       L1   0x000017    program     static C:\Users\Usuario\Desktop\mplabtest\comunicacionSerial.X\main.asm


