MPLINK 5.09, LINKER
Linker Map File - Created Wed Jun 18 00:17:45 2025

                                 Section Info
                  Section       Type    Address   Location Size(Bytes)
                ---------  ---------  ---------  ---------  ---------
                   .org_0       code   0x000000    program   0x000002
                   .cinit    romdata   0x000001    program   0x000004
                   .org_1       code   0x000004    program   0x000002
                   .org_2       code   0x000005    program   0x00031e
.config_2007_BUILD/DEFAULT/PRODUCTION/MAIN.O       code   0x002007    program   0x000002
.config_2008_BUILD/DEFAULT/PRODUCTION/MAIN.O       code   0x002008    program   0x000002



                              Program Memory Usage 
                               Start         End      
                           ---------   ---------      
                            0x000000    0x000002      
                            0x000004    0x000193      
                            0x002007    0x002008      
            405 out of 8455 program addresses used, program memory utilization is 4%



                              Symbols - Sorted by Name
                     Name    Address   Location    Storage File                     
                ---------  ---------  ---------  --------- ---------                
           ACTIVAR_ALARMA   0x0000f0    program     static D:\Programacion\Facultad\TP-Final-ED2\comunicacionSerial.X\main.asm
           ACTIVAR_BUZZER   0x000154    program     static D:\Programacion\Facultad\TP-Final-ED2\comunicacionSerial.X\main.asm
          CARGAR_UNIDADES   0x00012c    program     static D:\Programacion\Facultad\TP-Final-ED2\comunicacionSerial.X\main.asm
           CHEQUEO_ALARMA   0x0000eb    program     static D:\Programacion\Facultad\TP-Final-ED2\comunicacionSerial.X\main.asm
       CHEQUEO_CONTRASENA   0x0000cc    program     static D:\Programacion\Facultad\TP-Final-ED2\comunicacionSerial.X\main.asm
    CONTRASENA_INCORRECTA   0x0000e9    program     static D:\Programacion\Facultad\TP-Final-ED2\comunicacionSerial.X\main.asm
         CUENTA_REGRESIVA   0x0000f6    program     static D:\Programacion\Facultad\TP-Final-ED2\comunicacionSerial.X\main.asm
     DECREMENTAR_UNIDADES   0x000128    program     static D:\Programacion\Facultad\TP-Final-ED2\comunicacionSerial.X\main.asm
               DELAY_10MS   0x000132    program     static D:\Programacion\Facultad\TP-Final-ED2\comunicacionSerial.X\main.asm
        DESACTIVAR_ALARMA   0x00014e    program     static D:\Programacion\Facultad\TP-Final-ED2\comunicacionSerial.X\main.asm
       DISPLAY_7SEGMENTOS   0x00005b    program     static D:\Programacion\Facultad\TP-Final-ED2\comunicacionSerial.X\main.asm
                   ESPERA   0x00013f    program     static D:\Programacion\Facultad\TP-Final-ED2\comunicacionSerial.X\main.asm
      ESPERA_COMUNICACION   0x00015d    program     static D:\Programacion\Facultad\TP-Final-ED2\comunicacionSerial.X\main.asm
          ESPERA_EXTERIOR   0x00013b    program     static D:\Programacion\Facultad\TP-Final-ED2\comunicacionSerial.X\main.asm
   HABILITAR_COMUNICACION   0x000159    program     static D:\Programacion\Facultad\TP-Final-ED2\comunicacionSerial.X\main.asm
                   INICIO   0x000005    program     static D:\Programacion\Facultad\TP-Final-ED2\comunicacionSerial.X\main.asm
              INT_TECLADO   0x000083    program     static D:\Programacion\Facultad\TP-Final-ED2\comunicacionSerial.X\main.asm
                 INT_TMR0   0x000094    program     static D:\Programacion\Facultad\TP-Final-ED2\comunicacionSerial.X\main.asm
                      ISR   0x000077    program     static D:\Programacion\Facultad\TP-Final-ED2\comunicacionSerial.X\main.asm
                     MAIN   0x000046    program     static D:\Programacion\Facultad\TP-Final-ED2\comunicacionSerial.X\main.asm
          MOSTRAR_DISPLAY   0x00010f    program     static D:\Programacion\Facultad\TP-Final-ED2\comunicacionSerial.X\main.asm
    OTRA_CUENTA_REGRESIVA   0x0000f8    program     static D:\Programacion\Facultad\TP-Final-ED2\comunicacionSerial.X\main.asm
                     SCAN   0x0000a5    program     static D:\Programacion\Facultad\TP-Final-ED2\comunicacionSerial.X\main.asm
                SCAN_NEXT   0x0000aa    program     static D:\Programacion\Facultad\TP-Final-ED2\comunicacionSerial.X\main.asm
                   SR_KEY   0x0000c1    program     static D:\Programacion\Facultad\TP-Final-ED2\comunicacionSerial.X\main.asm
                    TABLA   0x00004a    program     static D:\Programacion\Facultad\TP-Final-ED2\comunicacionSerial.X\main.asm
                  VALORES   0x000066    program     static D:\Programacion\Facultad\TP-Final-ED2\comunicacionSerial.X\main.asm
               WAIT_WRITE   0x00017e    program     static D:\Programacion\Facultad\TP-Final-ED2\comunicacionSerial.X\main.asm



                              Symbols - Sorted by Address
                     Name    Address   Location    Storage File                     
                ---------  ---------  ---------  --------- ---------                
                   INICIO   0x000005    program     static D:\Programacion\Facultad\TP-Final-ED2\comunicacionSerial.X\main.asm
                     MAIN   0x000046    program     static D:\Programacion\Facultad\TP-Final-ED2\comunicacionSerial.X\main.asm
                    TABLA   0x00004a    program     static D:\Programacion\Facultad\TP-Final-ED2\comunicacionSerial.X\main.asm
       DISPLAY_7SEGMENTOS   0x00005b    program     static D:\Programacion\Facultad\TP-Final-ED2\comunicacionSerial.X\main.asm
                  VALORES   0x000066    program     static D:\Programacion\Facultad\TP-Final-ED2\comunicacionSerial.X\main.asm
                      ISR   0x000077    program     static D:\Programacion\Facultad\TP-Final-ED2\comunicacionSerial.X\main.asm
              INT_TECLADO   0x000083    program     static D:\Programacion\Facultad\TP-Final-ED2\comunicacionSerial.X\main.asm
                 INT_TMR0   0x000094    program     static D:\Programacion\Facultad\TP-Final-ED2\comunicacionSerial.X\main.asm
                     SCAN   0x0000a5    program     static D:\Programacion\Facultad\TP-Final-ED2\comunicacionSerial.X\main.asm
                SCAN_NEXT   0x0000aa    program     static D:\Programacion\Facultad\TP-Final-ED2\comunicacionSerial.X\main.asm
                   SR_KEY   0x0000c1    program     static D:\Programacion\Facultad\TP-Final-ED2\comunicacionSerial.X\main.asm
       CHEQUEO_CONTRASENA   0x0000cc    program     static D:\Programacion\Facultad\TP-Final-ED2\comunicacionSerial.X\main.asm
    CONTRASENA_INCORRECTA   0x0000e9    program     static D:\Programacion\Facultad\TP-Final-ED2\comunicacionSerial.X\main.asm
           CHEQUEO_ALARMA   0x0000eb    program     static D:\Programacion\Facultad\TP-Final-ED2\comunicacionSerial.X\main.asm
           ACTIVAR_ALARMA   0x0000f0    program     static D:\Programacion\Facultad\TP-Final-ED2\comunicacionSerial.X\main.asm
         CUENTA_REGRESIVA   0x0000f6    program     static D:\Programacion\Facultad\TP-Final-ED2\comunicacionSerial.X\main.asm
    OTRA_CUENTA_REGRESIVA   0x0000f8    program     static D:\Programacion\Facultad\TP-Final-ED2\comunicacionSerial.X\main.asm
          MOSTRAR_DISPLAY   0x00010f    program     static D:\Programacion\Facultad\TP-Final-ED2\comunicacionSerial.X\main.asm
     DECREMENTAR_UNIDADES   0x000128    program     static D:\Programacion\Facultad\TP-Final-ED2\comunicacionSerial.X\main.asm
          CARGAR_UNIDADES   0x00012c    program     static D:\Programacion\Facultad\TP-Final-ED2\comunicacionSerial.X\main.asm
               DELAY_10MS   0x000132    program     static D:\Programacion\Facultad\TP-Final-ED2\comunicacionSerial.X\main.asm
          ESPERA_EXTERIOR   0x00013b    program     static D:\Programacion\Facultad\TP-Final-ED2\comunicacionSerial.X\main.asm
                   ESPERA   0x00013f    program     static D:\Programacion\Facultad\TP-Final-ED2\comunicacionSerial.X\main.asm
        DESACTIVAR_ALARMA   0x00014e    program     static D:\Programacion\Facultad\TP-Final-ED2\comunicacionSerial.X\main.asm
           ACTIVAR_BUZZER   0x000154    program     static D:\Programacion\Facultad\TP-Final-ED2\comunicacionSerial.X\main.asm
   HABILITAR_COMUNICACION   0x000159    program     static D:\Programacion\Facultad\TP-Final-ED2\comunicacionSerial.X\main.asm
      ESPERA_COMUNICACION   0x00015d    program     static D:\Programacion\Facultad\TP-Final-ED2\comunicacionSerial.X\main.asm
               WAIT_WRITE   0x00017e    program     static D:\Programacion\Facultad\TP-Final-ED2\comunicacionSerial.X\main.asm


